[Rank 0/2] Process started (PID: 66711)
[Rank 0] NCCL configured to use IB transport with bluerdma device
[Rank 1/2] Process started (PID: 66712)
[Rank 1] NCCL configured to use IB transport with bluerdma device
DESKTOP-M211L3D:66711:66711 [0] NCCL INFO ENV/Plugin: Could not find: libnccl-env.so
[Rank 0] Generated NCCL unique ID
DESKTOP-M211L3D:66711:66711 [0] NCCL INFO cudaDriverVersion 13000
DESKTOP-M211L3D:66711:66711 [0] NCCL INFO NCCL version 2.28.7+cuda13.0
DESKTOP-M211L3D:66712:66712 [0] NCCL INFO ENV/Plugin: Could not find: libnccl-env.so
DESKTOP-M211L3D:66712:66712 [0] NCCL INFO cudaDriverVersion 13000
DESKTOP-M211L3D:66712:66712 [0] NCCL INFO NCCL version 2.28.7+cuda13.0
DESKTOP-M211L3D:66711:66711 [0] NCCL INFO NET/Plugin: Could not find: libnccl-net.so
DESKTOP-M211L3D:66712:66712 [0] NCCL INFO NET/Plugin: Could not find: libnccl-net.so
DESKTOP-M211L3D:66712:66712 [0] NCCL INFO NCCL_IB_HCA set to bluerdma
DESKTOP-M211L3D:66711:66711 [0] NCCL INFO NCCL_IB_HCA set to bluerdma
Setting op alloc_pd
Setting op create_cq
Setting op create_qp
Setting op dealloc_pd
Setting op dereg_mr
Setting op destroy_cq
Setting op destroy_qp
Setting op modify_qp
Setting op poll_cq
Setting op post_recv
Setting op post_send
Setting op query_device_ex
Setting op query_port
Setting op query_qp
Setting op reg_mr
bluerdma device allocated
Setting op alloc_pd
Setting op create_cq
Setting op create_qp
Setting op dealloc_pd
Setting op dereg_mr
Setting op destroy_cq
Setting op destroy_qp
Setting op modify_qp
Setting op poll_cq
Setting op post_recv
Setting op post_send
Setting op query_device_ex
Setting op query_port
Setting op query_qp
Setting op reg_mr
bluerdma device allocated
[2025-11-03T18:04:44.301588450Z DEBUG blue_rdma_driver::verbs::core] before create hardware ctx
[2025-11-03T18:04:44.301761803Z DEBUG blue_rdma_driver::verbs::core] before load default
[2025-11-03T18:04:44.301821163Z WARN  blue_rdma_driver::config] can't load config from /etc/bluerdma/config.toml, using default value
[2025-11-03T18:04:44.301871442Z DEBUG blue_rdma_driver::verbs::core] before open default
Setting op alloc_pd
Setting op create_cq
Setting op create_qp
Setting op dealloc_pd
Setting op dereg_mr
Setting op destroy_cq
Setting op destroy_qp
Setting op modify_qp
Setting op poll_cq
Setting op post_recv
Setting op post_send
Setting op query_device_ex
Setting op query_port
Setting op query_qp
Setting op reg_mr
bluerdma device allocated
Setting op alloc_pd
Setting op create_cq
Setting op create_qp
Setting op dealloc_pd
Setting op dereg_mr
Setting op destroy_cq
Setting op destroy_qp
Setting op modify_qp
Setting op poll_cq
Setting op post_recv
Setting op post_send
Setting op query_device_ex
Setting op query_port
Setting op query_qp
Setting op reg_mr
bluerdma device allocated

[2025-11-04 02:04:44] DESKTOP-M211L3D:66712:66712 [0] transport/net_ib.cc:526 NCCL WARN Could not find real path of bluerdma0 (/sys/class/infiniband/bluerdma0/device)
DESKTOP-M211L3D:66712:66712 [0] NCCL INFO NET/IB: [0] bluerdma0:uverbs0:1/RoCE provider=None speed=400000 context=0x5db28375c510 pciPath=(null) ar=0
DESKTOP-M211L3D:66712:66712 [0] NCCL INFO NET/IB : Made virtual device [0] name=bluerdma0 speed=400000 ndevs=1
[2025-11-03T18:04:44.302415774Z DEBUG blue_rdma_driver::verbs::core] before create hardware ctx
[2025-11-03T18:04:44.302637311Z DEBUG blue_rdma_driver::verbs::core] before load default
[2025-11-03T18:04:44.302290385Z INFO  bluerdma_rust::rxe::ctx_ops] Querying device attributes
[2025-11-03T18:04:44.302322775Z INFO  bluerdma_rust::rxe::ctx_ops] Querying port attributes
[2025-11-03T18:04:44.302518723Z DEBUG blue_rdma_driver::verbs::core] before create hardware ctx
[2025-11-03T18:04:44.302559103Z DEBUG blue_rdma_driver::verbs::core] before load default
[2025-11-03T18:04:44.302581794Z WARN  blue_rdma_driver::config] can't load config from /etc/bluerdma/config.toml, using default value
[2025-11-03T18:04:44.302603670Z DEBUG blue_rdma_driver::verbs::core] before open default
[2025-11-03T18:04:44.302719245Z WARN  blue_rdma_driver::config] can't load config from /etc/bluerdma/config.toml, using default value
[2025-11-03T18:04:44.302752118Z DEBUG blue_rdma_driver::verbs::core] before open default
[2025-11-03T18:04:44.302806531Z INFO  bluerdma_rust::rxe::ctx_ops] Querying device attributes
[2025-11-03T18:04:44.302848089Z INFO  bluerdma_rust::rxe::ctx_ops] Querying port attributes

[2025-11-04 02:04:44] DESKTOP-M211L3D:66712:66712 [0] transport/net_ib.cc:526 NCCL WARN Could not find real path of bluerdma1 (/sys/class/infiniband/bluerdma1/device)
DESKTOP-M211L3D:66712:66712 [0] NCCL INFO NET/IB: [1] bluerdma1:uverbs1:1/RoCE provider=None speed=400000 context=0x5db283764f50 pciPath=(null) ar=0
[DESKTOP-M211L3D:66712] *** Process received signal ***
[DESKTOP-M211L3D:66712] Signal: Segmentation fault (11)
[DESKTOP-M211L3D:66712] Signal code: Address not mapped (1)
[DESKTOP-M211L3D:66712] Failing at address: 0x7
[2025-11-03T18:04:44.303037479Z INFO  bluerdma_rust::rxe::ctx_ops] Querying device attributes
DESKTOP-M211L3D:66712:66712 [0] NCCL INFO NET/IB : Made virtual device [1] name=bluerdma1 speed=400000 ndevs=1
DESKTOP-M211L3D:66712:66712 [0] NCCL INFO NET/IB : Using [0]bluerdma0:1/RoCE [1]bluerdma1:1/RoCE [RO]; OOB eth0:100.82.177.43<0>
DESKTOP-M211L3D:66712:66712 [0] NCCL INFO Initialized NET plugin IB
[2025-11-03T18:04:44.303065568Z INFO  bluerdma_rust::rxe::ctx_ops] Querying port attributes

[2025-11-04 02:04:44] DESKTOP-M211L3D:66711:66711 [0] transport/net_ib.cc:526 NCCL WARN Could not find real path of bluerdma0 (/sys/class/infiniband/bluerdma0/device)
DESKTOP-M211L3D:66711:66711 [0] NCCL INFO NET/IB: [0] bluerdma0:uverbs0:1/RoCE provider=None speed=400000 context=0x5b44e447b690 pciPath=(null) ar=0
[DESKTOP-M211L3D:66712] [ 0] /lib/x86_64-linux-gnu/libc.so.6(+0x45330)[0x776ef0a45330]
[DESKTOP-M211L3D:66712] [ 1] /lib/x86_64-linux-gnu/libnccl.so.2(+0x14e63f)[0x776ef134e63f]
[DESKTOP-M211L3D:66712] [ 2] /lib/x86_64-linux-gnu/libnccl.so.2(+0x85f89)[0x776ef1285f89]
[DESKTOP-M211L3D:66712] [ 3] /lib/x86_64-linux-gnu/libnccl.so.2(+0x9d7e5)[0x776ef129d7e5]
[DESKTOP-M211L3D:66712] [ 4] /lib/x86_64-linux-gnu/libnccl.so.2(+0x7f691)[0x776ef127f691]
[DESKTOP-M211L3D:66712] [ 5] /lib/x86_64-linux-gnu/libnccl.so.2(+0x8e6e7)[0x776ef128e6e7]
[DESKTOP-M211L3D:66712] [ 6] /lib/x86_64-linux-gnu/libnccl.so.2(pncclCommInitRank+0x1e2)[0x776ef128ffb2]
[DESKTOP-M211L3D:66712] [ 7] ./nccl_test(+0x98f3)[0x5db2774038f3]
[DESKTOP-M211L3D:66712] [ 8] /lib/x86_64-linux-gnu/libc.so.6(+0x2a1ca)[0x776ef0a2a1ca]
[DESKTOP-M211L3D:66712] [ 9] /lib/x86_64-linux-gnu/libc.so.6(__libc_start_main+0x8b)[0x776ef0a2a28b]
[DESKTOP-M211L3D:66712] [10] ./nccl_test(+0x9d35)[0x5db277403d35]
[DESKTOP-M211L3D:66712] *** End of error message ***
DESKTOP-M211L3D:66711:66711 [0] NCCL INFO NET/IB : Made virtual device [0] name=bluerdma0 speed=400000 ndevs=1
[2025-11-03T18:04:44.303330836Z DEBUG blue_rdma_driver::verbs::core] before create hardware ctx
[2025-11-03T18:04:44.303372197Z DEBUG blue_rdma_driver::verbs::core] before load default
[2025-11-03T18:04:44.303410509Z WARN  blue_rdma_driver::config] can't load config from /etc/bluerdma/config.toml, using default value
[2025-11-03T18:04:44.303445453Z DEBUG blue_rdma_driver::verbs::core] before open default
[2025-11-03T18:04:44.303678441Z INFO  bluerdma_rust::rxe::ctx_ops] Querying device attributes
[2025-11-03T18:04:44.303728574Z INFO  bluerdma_rust::rxe::ctx_ops] Querying port attributes

[2025-11-04 02:04:44] DESKTOP-M211L3D:66711:66711 [0] transport/net_ib.cc:526 NCCL WARN Could not find real path of bluerdma1 (/sys/class/infiniband/bluerdma1/device)
DESKTOP-M211L3D:66711:66711 [0] NCCL INFO NET/IB: [1] bluerdma1:uverbs1:1/RoCE provider=None speed=400000 context=0x5b44e4484130 pciPath=(null) ar=0
DESKTOP-M211L3D:66711:66711 [0] NCCL INFO NET/IB : Made virtual device [1] name=bluerdma1 speed=400000 ndevs=1
DESKTOP-M211L3D:66711:66711 [0] NCCL INFO NET/IB : Using [0]bluerdma0:1/RoCE [1]bluerdma1:1/RoCE [RO]; OOB eth0:100.82.177.43<0>
DESKTOP-M211L3D:66711:66711 [0] NCCL INFO Initialized NET plugin IB
[DESKTOP-M211L3D:66711] *** Process received signal ***
[DESKTOP-M211L3D:66711] Signal: Segmentation fault (11)
[DESKTOP-M211L3D:66711] Signal code: Address not mapped (1)
[DESKTOP-M211L3D:66711] Failing at address: 0x7
[DESKTOP-M211L3D:66711] [ 0] /lib/x86_64-linux-gnu/libc.so.6(+0x45330)[0x7822bc645330]
[DESKTOP-M211L3D:66711] [ 1] /lib/x86_64-linux-gnu/libnccl.so.2(+0x14e63f)[0x7822bcf4e63f]
[DESKTOP-M211L3D:66711] [ 2] /lib/x86_64-linux-gnu/libnccl.so.2(+0x85f89)[0x7822bce85f89]
[DESKTOP-M211L3D:66711] [ 3] /lib/x86_64-linux-gnu/libnccl.so.2(+0x9d7e5)[0x7822bce9d7e5]
[DESKTOP-M211L3D:66711] [ 4] /lib/x86_64-linux-gnu/libnccl.so.2(+0x7f691)[0x7822bce7f691]
[DESKTOP-M211L3D:66711] [ 5] /lib/x86_64-linux-gnu/libnccl.so.2(+0x8e6e7)[0x7822bce8e6e7]
[DESKTOP-M211L3D:66711] [ 6] /lib/x86_64-linux-gnu/libnccl.so.2(pncclCommInitRank+0x1e2)[0x7822bce8ffb2]
[DESKTOP-M211L3D:66711] [ 7] ./nccl_test(+0x98f3)[0x5b44b370f8f3]
[DESKTOP-M211L3D:66711] [ 8] /lib/x86_64-linux-gnu/libc.so.6(+0x2a1ca)[0x7822bc62a1ca]
[DESKTOP-M211L3D:66711] [ 9] /lib/x86_64-linux-gnu/libc.so.6(__libc_start_main+0x8b)[0x7822bc62a28b]
[DESKTOP-M211L3D:66711] [10] ./nccl_test(+0x9d35)[0x5b44b370fd35]
[DESKTOP-M211L3D:66711] *** End of error message ***
--------------------------------------------------------------------------
Primary job  terminated normally, but 1 process returned
a non-zero exit code. Per user-direction, the job has been aborted.
--------------------------------------------------------------------------
--------------------------------------------------------------------------
mpirun noticed that process rank 0 with PID 0 on node DESKTOP-M211L3D exited on signal 11 (Segmentation fault).
--------------------------------------------------------------------------
